C251 COMPILER V5.60.0,  main                                                               24/01/26  19:25:51  PAGE 1   


C251 COMPILER V5.60.0, COMPILATION OF MODULE main
OBJECT MODULE PLACED IN .\out_file\main.obj
COMPILER INVOKED BY: C:\Keil_v5\C251\BIN\C251.EXE ..\user\main.c LARGE NOALIAS WARNINGLEVEL(3) OPTIMIZE(0,SIZE) BROWSE I
                    -NCDIR(..\..\libraries\zf_common;..\..\libraries\zf_components;..\..\libraries\zf_device;..\..\libraries\zf_driver;..\use
                    -r;..\code) DEBUG PRINT(.\out_file\main.lst) OBJECT(.\out_file\main.obj) 

stmt  level    source

    1          #include "zf_common_headfile.h"
    2          
    3          #include "Key.h"
    4          #include "Menu.h"
    5          
    6          void main(void)
    7          {
    8   1          clock_init(SYSTEM_CLOCK_30M);
    9   1          debug_init();
   10   1      
   11   1              Key_Init();
   12   1          OLED_Init();
*** WARNING C140 IN LINE 12 OF ..\user\main.c: 'OLED_Init' undefined; assuming 'extern int OLED_Init()'
   13   1      
   14   1          OLED_Clear();
*** WARNING C140 IN LINE 14 OF ..\user\main.c: 'OLED_Clear' undefined; assuming 'extern int OLED_Clear()'
   15   1          OLED_ShowString(1, 1, "HELLO");
*** WARNING C140 IN LINE 15 OF ..\user\main.c: 'OLED_ShowString' undefined; assuming 'extern int OLED_ShowString()'
*** WARNING C95 IN LINE 15 OF ..\user\main.c: 'OLED_ShowString': too many actual parameters
   16   1          OLED_ShowNum(2, 1, 12345, 5);
*** WARNING C140 IN LINE 16 OF ..\user\main.c: 'OLED_ShowNum' undefined; assuming 'extern int OLED_ShowNum()'
*** WARNING C95 IN LINE 16 OF ..\user\main.c: 'OLED_ShowNum': too many actual parameters
   17   1          OLED_ShowSignedNum(3, 1, -678, 3);
*** WARNING C140 IN LINE 17 OF ..\user\main.c: 'OLED_ShowSignedNum' undefined; assuming 'extern int OLED_ShowSignedNum()
             -'
*** WARNING C95 IN LINE 17 OF ..\user\main.c: 'OLED_ShowSignedNum': too many actual parameters
   18   1          OLED_ShowFloat(4, 1, 3.1415f, 1, 3);
*** WARNING C140 IN LINE 18 OF ..\user\main.c: 'OLED_ShowFloat' undefined; assuming 'extern int OLED_ShowFloat()'
*** WARNING C95 IN LINE 18 OF ..\user\main.c: 'OLED_ShowFloat': too many actual parameters
   19   1      
   20   1          OLED_Update();   
*** WARNING C140 IN LINE 20 OF ..\user\main.c: 'OLED_Update' undefined; assuming 'extern int OLED_Update()'
   21   1      
   22   1          while(1)
   23   1          {
   24   2              system_delay_ms(100);
   25   2          }
   26   1      }


Module Information          Static   Overlayable
------------------------------------------------
  code size            =       176     ------
  ecode size           =    ------     ------
  data size            =    ------     ------
  idata size           =    ------     ------
  pdata size           =    ------     ------
  xdata size           =    ------     ------
  xdata-const size     =    ------     ------
  edata size           =    ------     ------
  bit size             =    ------     ------
  ebit size            =    ------     ------
  bitaddressable size  =    ------     ------
  ebitaddressable size =    ------     ------
  far data size        =    ------     ------
  huge data size       =    ------     ------
  const size           =    ------     ------
  hconst size          =         8     ------
C251 COMPILER V5.60.0,  main                                                               24/01/26  19:25:51  PAGE 2   

End of Module Information.


C251 COMPILATION COMPLETE.  11 WARNING(S),  0 ERROR(S)
