
C251 COMPILER V5.60.0,  zf_driver_pwm                                                      24/01/26  11:15:47  PAGE 1   

C251 COMPILER V5.60.0, COMPILATION OF MODULE zf_driver_pwm
OBJECT MODULE PLACED IN .\out_file\zf_driver_pwm.obj
COMPILER INVOKED BY: C:\Keil_v5\C251\BIN\C251.EXE ..\..\libraries\zf_driver\zf_driver_pwm.c LARGE NOALIAS WARNINGLEVEL(3
                    -) OPTIMIZE(0,SIZE) BROWSE INCDIR(..\..\libraries\zf_common;..\..\libraries\zf_components;..\..\libraries\zf_device;..\..
                    -\libraries\zf_driver;..\user;..\code) DEBUG PRINT(.\out_file\zf_driver_pwm.lst) OBJECT(.\out_file\zf_driver_pwm.obj) 

stmt  level    source

    1          /********************************************************************************************************
             -*************
    2          * STC32G Opensourec Library 即（STC32G 开源库）是一个基于官方 SDK 接口的第三方开源库
    3          * Copyright (c) 2022 SEEKFREE 逐飞科技
    4          *
    5          * 本文件是STC 开源库的一部分
    6          *
    7          * STC32G 开源库 是免费软件
    8          * 您可以根据自由软件基金会发布的 GPL（GNU General Public License，即 GNU通用公共许可证）的条款
    9          * 即 GPL 的第3版（即 GPL3.0）或（您选择的）任何后来的版本，重新发布和/或修改它
   10          *
   11          * 本开源库的发布是希望它能发挥作用，但并未对其作任何的保证
   12          * 甚至没有隐含的适销性或适合特定用途的保证
   13          * 更多细节请参见 GPL
   14          *
   15          * 您应该在收到本开源库的同时收到一份 GPL 的副本
   16          * 如果没有，请参阅<https://www.gnu.org/licenses/>
   17          *
   18          * 额外注明：
   19          * 本开源库使用 GPL3.0 开源许可证协议 以上许可申明为译文版本
   20          * 许可申明英文版在 libraries/doc 文件夹下的 GPL3_permission_statement.txt 文件中
   21          * 许可证副本在 libraries 文件夹下 即该文件夹下的 LICENSE 文件
   22          * 欢迎各位使用并传播本程序 但修改内容时必须保留逐飞科技的版权声明（即本声明）
   23          *
   24          * 文件名称
   25          * 公司名称          成都逐飞科技有限公司
   26          * 版本信息          查看 libraries/doc 文件夹内 version 文件 版本说明
   27          * 开发环境          MDK FOR C251
   28          * 适用平台          STC32G
   29          * 店铺链接          https://seekfree.taobao.com/
   30          *
   31          * 修改记录
   32          * 日期              作者           备注
   33          * 2024-08-01        大W            first version
   34          * 2025-07-16        优化           代码可读性、运算效率及健壮性优化
   35          *********************************************************************************************************
             -***********/
   36          
   37          #include "zf_common_clock.h"
   38          #include "zf_common_debug.h"
   39          
   40          #include "zf_driver_pwm.h"
   41          #include "zf_driver_gpio.h"
   42          #include "zf_driver_uart.h"
   43          
   44          
   45          
   46          
   47          // 捕获比较模式寄存器
   48          const uint32 PWM_CCMR_ADDR[] = {0x7efec8, 0x7efec9, 0x7efeca, 0x7efecb,
   49                                          0x7efee8, 0x7efee9, 0x7efeea, 0x7efeeb
   50                                         };
   51          
   52          // 捕获比较使能寄存器
   53          const uint32 PWM_CCER_ADDR[] = {0x7efecc, 0x7efecd,             // PWMA_CCERX
   54                                          0x7efeec, 0x7efeed
   55                                         };       // PWMB_CCERX

C251 COMPILER V5.60.0,  zf_driver_pwm                                                      24/01/26  11:15:47  PAGE 2   
   56          
   57          // 控制寄存器,高8位地址  低8位地址 + 1即可
   58          const uint32 PWM_CCR_ADDR[] = {0x7efed5, 0x7efed7, 0x7efed9, 0x7efedb,
   59                                         0x7efef5, 0x7efef7, 0x7efef9, 0x7efefb
   60                                        };
   61          
   62          // 控制寄存器,高8位地址  低8位地址 + 1即可
   63          const uint32 PWM_ARR_ADDR[] = {0x7efed2, 0x7efef2};
   64          
   65          // 预分频寄存器,高8位地址  低8位地址 + 1即可
   66          const uint32 PWM_PSCR_ADDR[] = {0x7efed0, 0x7efef0};
   67          
   68          
   69          #define PWMX_CCERX(pin)         (*(unsigned char volatile far *)(PWM_CCER_ADDR[((pin >> 12 & 0x02) >> 1) + ((pin
             - >> 15 & 0x1) * 2)]))
   70          
   71          #define PWMX_CCRXH(pin)         (*(unsigned char volatile far *)(PWM_CCR_ADDR[((pin >> 15 & 0x1) * 4) + (pin >> 
             -12 & 0x7)]))
   72          #define PWMX_CCRXL(pin)         (*(unsigned char volatile far *)(PWM_CCR_ADDR[((pin >> 15 & 0x1) * 4) + (pin >> 
             -12 & 0x7)] + 1))
   73          
   74          #define PWMX_ARRH(pin)          (*(unsigned char volatile far *)(PWM_ARR_ADDR[(pin >> 15 & 0x1) * 1]))
   75          #define PWMX_ARRL(pin)          (*(unsigned char volatile far *)(PWM_ARR_ADDR[(pin >> 15 & 0x1) * 1] + 1))
   76          
   77          #define PWMX_PSCRH(pin)         (*(unsigned char volatile far *)(PWM_PSCR_ADDR[(pin >> 15 & 0x1) * 1]))
   78          #define PWMX_PSCRL(pin)         (*(unsigned char volatile far *)(PWM_PSCR_ADDR[(pin >> 15 & 0x1) * 1] + 1))
   79          
   80          #define PWMX_CCMRX(pin)         (*(unsigned char volatile far *)(PWM_CCMR_ADDR[((pin >> 15 & 0x1) * 4) + (pin >>
             - 12 & 0x7)]))
   81          
   82          
   83          //-------------------------------------------------------------------------------------------------------
             -------------
   84          // 函数简介     PWM频率和占空比设置
   85          // 参数说明     pin             PWM通道号及引脚
   86          // 参数说明     freq            PWM频率
   87          // 参数说明     duty                    PWM占空比
   88          // 返回参数     void
   89          // 使用示例     pwm_set_freq(PWMB_CH1_P01, 50, 1000);   //PWMB 使用引脚P01 频率50HZ 占空比为百分之 1000/P
             -WM_DUTY_MAX*100
   90          //                                                                              PWM_DUTY_MAX在zf_driver_pwm.h文件中 默认为10000
   91          //-------------------------------------------------------------------------------------------------------
             -------------
   92          void pwm_set_freq(pwm_channel_enum pin, uint32 freq, uint32 duty)
   93          {
   94   1          uint32 match_temp = 0;
   95   1          uint32 period_temp = 0;
   96   1          uint16 freq_div = 0;
   97   1              
   98   1              // 如果是这一行报错 那你得去看看最大占空比是限定的多少 占空比写入错误
   99   1          zf_assert(PWM_DUTY_MAX >= duty);
  100   1              
  101   1          //分频计算，周期计算，占空比计算
  102   1          freq_div = (system_clock / freq) >> 16;                                                             // 多少分频
  103   1          period_temp = system_clock / freq;
  104   1          period_temp = period_temp / (freq_div + 1) - 1;                                     // 周期
  105   1      
  106   1          if(duty != PWM_DUTY_MAX)
  107   1          {
  108   2              match_temp = period_temp * ((float)duty / PWM_DUTY_MAX);        // 占空比
  109   2          }
  110   1          else
  111   1          {
  112   2              match_temp = period_temp + 1;                                                           // duty为100%
  113   2              }
  114   1      

C251 COMPILER V5.60.0,  zf_driver_pwm                                                      24/01/26  11:15:47  PAGE 3   
  115   1              PWMX_PSCRH(pin) = (uint8)(freq_div >> 8);           // 设置预分频值
  116   1              PWMX_PSCRL(pin) = (uint8)freq_div;
  117   1              
  118   1              PWMX_ARRH(pin) = (uint8)(period_temp >> 8);             // 周期值 高8位
  119   1              PWMX_ARRL(pin) = (uint8)period_temp;                    // 周期值 低8位
  120   1      
  121   1          PWMX_CCRXH(pin) = match_temp >> 8;                          // 比较值 高8位
  122   1          PWMX_CCRXL(pin) = (uint8)match_temp;                        // 比较值 低8位
  123   1      }
  124          
  125          //-------------------------------------------------------------------------------------------------------
             -------------
  126          // 函数简介     PWM占空比设定
  127          // 参数说明     pwmch           PWM通道号及引脚
  128          // 参数说明     duty            PWM占空比
  129          // 返回参数     void
  130          // 使用示例     pwm_set_duty(PWMB_CH1_P01, 5000);   //PWMB 使用引脚P01 占空比为百分之 5000/PWM_DUTY_MAX*1
             -00
  131          //                                                                      PWM_DUTY_MAX在zf_driver_pwm.h文件中 默认为10000
  132          //-------------------------------------------------------------------------------------------------------
             -------------
  133          void pwm_set_duty(pwm_channel_enum pin, uint32 duty)
  134          {
  135   1          uint32 match_temp;
  136   1          uint32 arr = (PWMX_ARRH(pin) << 8) | PWMX_ARRL(pin);
  137   1              
  138   1              // 如果是这一行报错 那你得去看看最大占空比是限定的多少 占空比写入错误
  139   1          zf_assert(PWM_DUTY_MAX >= duty);
  140   1              
  141   1          if(duty != PWM_DUTY_MAX)
  142   1          {
  143   2              match_temp = arr * ((float)duty / PWM_DUTY_MAX);                                //占空比
  144   2          }
  145   1          else
  146   1          {
  147   2              match_temp = arr + 1;
  148   2          }
  149   1      
  150   1          //设置捕获值|比较值
  151   1          PWMX_CCRXH(pin) = match_temp >> 8;                          // 比较值 高8位
  152   1          PWMX_CCRXL(pin) = (uint8)match_temp;                        // 比较值 低8位
  153   1              
  154   1      }
  155          
  156          //-------------------------------------------------------------------------------------------------------
             -------------
  157          // 函数简介     PWM初始化
  158          // 参数说明     pin                             PWM通道号及引脚
  159          // 参数说明     freq            PWM频率
  160          // 参数说明     duty            PWM占空比
  161          // 返回参数     void
  162          // 使用示例     pwm_init(PWMB_CH1_P01, 50, 5000);   //初始化PWMB 使用引脚P01  输出PWM频率50HZ   占空比为?
             -俜种?5000/PWM_DUTY_MAX*100
  163          //                                                                      PWM_DUTY_MAX在zf_driver_pwm.h文件中 默认为10000
  164          //-------------------------------------------------------------------------------------------------------
             -------------
  165          void pwm_init(pwm_channel_enum pin, uint32 freq, uint32 duty)
  166          {
  167   1      
  168   1          uint16 match_temp = 0;                                              // 占空比值
  169   1          uint32 period_temp = 0;                                             // 周期值
  170   1          uint16 freq_div = 0;                                                // 分频值
  171   1          
  172   1              // 如果是这一行报错 那你得去看看最大占空比是限定的多少 占空比写入错误
  173   1          zf_assert(PWM_DUTY_MAX >= duty);
  174   1              

C251 COMPILER V5.60.0,  zf_driver_pwm                                                      24/01/26  11:15:47  PAGE 4   
  175   1          gpio_init(pin  & 0xFF, GPO, 1, GPO_PUSH_PULL);                                                      // GPIO需要设置为推挽输出
  176   1          
  177   1          
  178   1          //分频计算，周期计算，占空比计算
  179   1          freq_div = (system_clock / freq) >> 16;                                                             // 分频值
  180   1          period_temp = system_clock / freq;
  181   1          period_temp = period_temp / (freq_div + 1) - 1;                                             // 周期值
  182   1              
  183   1          if(duty != PWM_DUTY_MAX)
  184   1          {           
  185   2              match_temp = period_temp * ((float)duty / PWM_DUTY_MAX);                // 占空比
  186   2          }
  187   1          else
  188   1          {
  189   2              match_temp = period_temp + 1;                                                                   // duty为100%
  190   2          }
  191   1      
  192   1              PWMX_PSCRH(pin) = (uint8)(freq_div >> 8);           // 设置预分频值
  193   1              PWMX_PSCRL(pin) = (uint8)freq_div;
  194   1              
  195   1              PWMX_ARRH(pin) = (uint8)(period_temp >> 8);             // 周期值 高8位
  196   1              PWMX_ARRL(pin) = (uint8)period_temp;                    // 周期值 低8位
  197   1      
  198   1          PWMX_CCRXH(pin) = (uint8)(match_temp >> 8);         // 比较值 高8位
  199   1          PWMX_CCRXL(pin) = (uint8)match_temp;                        // 比较值 低8位
  200   1              
  201   1          if(((pin >> 15) & 0x01) == 0)                                       // PWMA
  202   1          {
  203   2              PWMA_ENO |= 1 << ((((pin >> 12) & 0x07) * 2) + ((pin >> 11) & 0x01));           // 使能通道
  204   2              PWMA_PS  |= ((pin >> 9) & 0x03) << (((pin >> 12) & 0x07) * 2);                          // 选择引脚
  205   2              PWMX_CCERX(pin) |= 1 << ((pin >> 12 & 0x01) * 4 + (pin >> 11 & 0x01) * 2);      // 设置输出极性
  206   2      
  207   2              PWMA_BKR = 0x80;                                                        // 主输出使能 相当于总开关
  208   2              PWMA_CR1 = 0x01;                                                        // PWM开始计数
  209   2          }
  210   1          else if(((pin >> 15) & 0x01) == 1)                          // PWMB
  211   1          {
  212   2              PWMB_ENO |= 1 << ((((pin >> 12) & 0x07) * 2) + ((pin >> 11) & 0x01));           // 使能通道
  213   2              PWMB_PS  |= ((pin >> 9) & 0x03) << (((pin >> 12) & 0x07) * 2);                          // 选择引脚
  214   2              PWMX_CCERX(pin) |= 1 << ((pin >> 12 & 0x01) * 4);                                                       // 设置输出极性
  215   2      
  216   2              PWMB_BKR = 0x80;                                                        // 主输出使能 相当于总开关
  217   2              PWMB_CR1 = 0x01;                                                        // PWM开始计数
  218   2          }
  219   1      
  220   1              PWMX_CCMRX(pin) |= 0x06 << 4;                                   // 设置为PWM模式1
  221   1              PWMX_CCMRX(pin) |= 1 << 3;                                              // 开启PWM寄存器的预装载功
  222   1      }


Module Information          Static   Overlayable
------------------------------------------------
  code size            =      2796     ------
  ecode size           =    ------     ------
  data size            =    ------     ------
  idata size           =    ------     ------
  pdata size           =    ------     ------
  xdata size           =        52     ------
  xdata-const size     =    ------     ------
  edata size           =    ------     ------
  bit size             =    ------     ------
  ebit size            =    ------     ------
  bitaddressable size  =    ------     ------
  ebitaddressable size =    ------     ------
  far data size        =    ------     ------
  huge data size       =    ------     ------
  const size           =    ------     ------

C251 COMPILER V5.60.0,  zf_driver_pwm                                                      24/01/26  11:15:47  PAGE 5   
  hconst size          =       138     ------
End of Module Information.


C251 COMPILATION COMPLETE.  0 WARNING(S),  0 ERROR(S)

